// Jest Snapshot v1, https://goo.gl/fbAQLP

exports[`More Component Snapshot renders More component 1`] = `
<div
  className="instructorCoursesContainer"
/>
`;
