// Jest Snapshot v1, https://goo.gl/fbAQLP

exports[`stat Component Snapshot renders stat component 1`] = `<statTest />`;
